// Jest Snapshot v1, https://goo.gl/fbAQLP

exports[`Buttons in the marks list item Rendered 1`] = `
<styled.div>
  <EditButton />
  <DeleteButton />
</styled.div>
`;
