exports[`Buttons in the marks list item Rendered 1`] = `
ShallowWrapper {
  "complexSelector": ComplexSelector {
    "buildPredicate": [Function],
    "childrenOfNode": [Function],
    "findWhereUnwrapped": [Function],
  },
  "length": 1,
  "node": <styled.div>
    <EditButton />
    <DeleteButton />
</styled.div>,
  "nodes": Array [
    <styled.div>
      <EditButton />
      <DeleteButton />
</styled.div>,
  ],
  "options": Object {},
  "renderer": ReactShallowRenderer {
    "_instance": ShallowComponentWrapper {
      "_calledComponentWillUnmount": false,
      "_compositeType": 1,
      "_context": Object {},
      "_currentElement": <Buttons
        store={
                Object {
                        "dispatch": [Function],
                        "getState": [Function],
                        "replaceReducer": [Function],
                        "subscribe": [Function],
                        Symbol(observable): [Function],
                      }
        } />,
      "_debugID": 1,
      "_hostContainerInfo": null,
      "_hostParent": null,
      "_instance": Buttons {
        "_reactInternalInstance": [Circular],
        "context": Object {},
        "props": Object {
          "store": Object {
            "dispatch": [Function],
            "getState": [Function],
            "replaceReducer": [Function],
            "subscribe": [Function],
            Symbol(observable): [Function],
          },
        },
        "refs": Object {},
        "state": null,
        "updater": Object {
          "enqueueCallback": [Function],
          "enqueueCallbackInternal": [Function],
          "enqueueElementInternal": [Function],
          "enqueueForceUpdate": [Function],
          "enqueueReplaceState": [Function],
          "enqueueSetState": [Function],
          "isMounted": [Function],
          "validateCallback": [Function],
        },
      },
      "_mountOrder": 1,
      "_pendingCallbacks": null,
      "_pendingElement": null,
      "_pendingForceUpdate": false,
      "_pendingReplaceState": false,
      "_pendingStateQueue": null,
      "_renderedComponent": NoopInternalComponent {
        "_currentElement": <styled.div>
          <EditButton />
          <DeleteButton />
</styled.div>,
        "_debugID": 2,
        "_renderedOutput": <styled.div>
          <EditButton />
          <DeleteButton />
</styled.div>,
      },
      "_renderedNodeType": 1,
      "_rootNodeID": 0,
      "_topLevelWrapper": null,
      "_updateBatchNumber": null,
      "_warnedAboutRefsInRender": false,
    },
    "getRenderOutput": [Function],
    "render": [Function],
  },
  "root": [Circular],
  "unrendered": <Buttons
    store={
        Object {
            "dispatch": [Function],
            "getState": [Function],
            "replaceReducer": [Function],
            "subscribe": [Function],
            Symbol(observable): [Function],
          }
    } />,
}
`;
