exports[`Marks list item Rendered 1`] = `
ShallowWrapper {
  "complexSelector": ComplexSelector {
    "buildPredicate": [Function],
    "childrenOfNode": [Function],
    "findWhereUnwrapped": [Function],
  },
  "length": 1,
  "node": <styled.li
    current={undefined}
    onClick={[Function]}>
    <Text
        markerCoords={undefined}
        markerIndex={undefined}
        markerName={undefined} />
    <Buttons />
</styled.li>,
  "nodes": Array [
    <styled.li
      current={undefined}
      onClick={[Function]}>
      <Text
            markerCoords={undefined}
            markerIndex={undefined}
            markerName={undefined} />
      <Buttons />
</styled.li>,
  ],
  "options": Object {},
  "renderer": ReactShallowRenderer {
    "_instance": ShallowComponentWrapper {
      "_calledComponentWillUnmount": false,
      "_compositeType": 1,
      "_context": Object {},
      "_currentElement": <MarksListItem
        store={
                Object {
                        "dispatch": [Function],
                        "getState": [Function],
                        "replaceReducer": [Function],
                        "subscribe": [Function],
                        Symbol(observable): [Function],
                      }
        } />,
      "_debugID": 1,
      "_hostContainerInfo": null,
      "_hostParent": null,
      "_instance": MarksListItem {
        "_reactInternalInstance": [Circular],
        "context": Object {},
        "props": Object {
          "store": Object {
            "dispatch": [Function],
            "getState": [Function],
            "replaceReducer": [Function],
            "subscribe": [Function],
            Symbol(observable): [Function],
          },
        },
        "refs": Object {},
        "state": null,
        "updater": Object {
          "enqueueCallback": [Function],
          "enqueueCallbackInternal": [Function],
          "enqueueElementInternal": [Function],
          "enqueueForceUpdate": [Function],
          "enqueueReplaceState": [Function],
          "enqueueSetState": [Function],
          "isMounted": [Function],
          "validateCallback": [Function],
        },
      },
      "_mountOrder": 1,
      "_pendingCallbacks": null,
      "_pendingElement": null,
      "_pendingForceUpdate": false,
      "_pendingReplaceState": false,
      "_pendingStateQueue": null,
      "_renderedComponent": NoopInternalComponent {
        "_currentElement": <styled.li
          current={undefined}
          onClick={[Function]}>
          <Text
                    markerCoords={undefined}
                    markerIndex={undefined}
                    markerName={undefined} />
          <Buttons />
</styled.li>,
        "_debugID": 2,
        "_renderedOutput": <styled.li
          current={undefined}
          onClick={[Function]}>
          <Text
                    markerCoords={undefined}
                    markerIndex={undefined}
                    markerName={undefined} />
          <Buttons />
</styled.li>,
      },
      "_renderedNodeType": 1,
      "_rootNodeID": 0,
      "_topLevelWrapper": null,
      "_updateBatchNumber": null,
      "_warnedAboutRefsInRender": false,
    },
    "getRenderOutput": [Function],
    "render": [Function],
  },
  "root": [Circular],
  "unrendered": <MarksListItem
    store={
        Object {
            "dispatch": [Function],
            "getState": [Function],
            "replaceReducer": [Function],
            "subscribe": [Function],
            Symbol(observable): [Function],
          }
    } />,
}
`;
