exports[`Text in a marks list item Rendered 1`] = `
ShallowWrapper {
  "complexSelector": ComplexSelector {
    "buildPredicate": [Function],
    "childrenOfNode": [Function],
    "findWhereUnwrapped": [Function],
  },
  "length": 1,
  "node": <div>
    <styled.h5>
        Your marker
    </styled.h5>
    <styled.p>
        coords: 
        299.00
        ,  
        300.00
         
        <br />
        №: 
    </styled.p>
</div>,
  "nodes": Array [
    <div>
      <styled.h5>
            Your marker
      </styled.h5>
      <styled.p>
            coords: 
            299.00
            ,  
            300.00
             
            <br />
            №: 
      </styled.p>
</div>,
  ],
  "options": Object {},
  "renderer": ReactShallowRenderer {
    "_instance": ShallowComponentWrapper {
      "_calledComponentWillUnmount": false,
      "_compositeType": 1,
      "_context": Object {},
      "_currentElement": <Text
        markerCoords={
                Object {
                        "lat": 299,
                        "lng": 300,
                      }
        }
        store={
                Object {
                        "dispatch": [Function],
                        "getState": [Function],
                        "replaceReducer": [Function],
                        "subscribe": [Function],
                        Symbol(observable): [Function],
                      }
        } />,
      "_debugID": 1,
      "_hostContainerInfo": null,
      "_hostParent": null,
      "_instance": Text {
        "_reactInternalInstance": [Circular],
        "context": Object {},
        "props": Object {
          "markerCoords": Object {
            "lat": 299,
            "lng": 300,
          },
          "store": Object {
            "dispatch": [Function],
            "getState": [Function],
            "replaceReducer": [Function],
            "subscribe": [Function],
            Symbol(observable): [Function],
          },
        },
        "refs": Object {},
        "state": null,
        "updater": Object {
          "enqueueCallback": [Function],
          "enqueueCallbackInternal": [Function],
          "enqueueElementInternal": [Function],
          "enqueueForceUpdate": [Function],
          "enqueueReplaceState": [Function],
          "enqueueSetState": [Function],
          "isMounted": [Function],
          "validateCallback": [Function],
        },
      },
      "_mountOrder": 1,
      "_pendingCallbacks": null,
      "_pendingElement": null,
      "_pendingForceUpdate": false,
      "_pendingReplaceState": false,
      "_pendingStateQueue": null,
      "_renderedComponent": NoopInternalComponent {
        "_currentElement": <div>
          <styled.h5>
                    Your marker
          </styled.h5>
          <styled.p>
                    coords: 
                    299.00
                    ,  
                    300.00
                     
                    <br />
                    №: 
          </styled.p>
</div>,
        "_debugID": 2,
        "_renderedOutput": <div>
          <styled.h5>
                    Your marker
          </styled.h5>
          <styled.p>
                    coords: 
                    299.00
                    ,  
                    300.00
                     
                    <br />
                    №: 
          </styled.p>
</div>,
      },
      "_renderedNodeType": 0,
      "_rootNodeID": 0,
      "_topLevelWrapper": null,
      "_updateBatchNumber": null,
      "_warnedAboutRefsInRender": false,
    },
    "getRenderOutput": [Function],
    "render": [Function],
  },
  "root": [Circular],
  "unrendered": <Text
    markerCoords={
        Object {
            "lat": 299,
            "lng": 300,
          }
    }
    store={
        Object {
            "dispatch": [Function],
            "getState": [Function],
            "replaceReducer": [Function],
            "subscribe": [Function],
            Symbol(observable): [Function],
          }
    } />,
}
`;
